---
source: rocks-lib/src/tree/mod.rs
expression: tree.list()
---
lua-cjson:
  - 2.1.0.9-1
neorg:
  - 8.8.1-1
  - 8.0.0-1
